<html>
<body>
<pre>
<h1>µVision Build Log</h1>
<h2>Tool Versions:</h2>
IDE-Version: µVision V5.28.0.0
Copyright (C) 2019 ARM Ltd and ARM Germany GmbH. All rights reserved.
License Information: Mateusz Grycmacher, Politechnika Poznañska, LIC=----
 
Tool Versions:
Toolchain:       MDK-Lite  Version: 5.28.0.0
Toolchain Path:  C:\Keil_v5\ARM\ARMCC\Bin
C Compiler:      Armcc.exe V5.06 update 6 (build 750)
Assembler:       Armasm.exe V5.06 update 6 (build 750)
Linker/Locator:  ArmLink.exe V5.06 update 6 (build 750)
Library Manager: ArmAr.exe V5.06 update 6 (build 750)
Hex Converter:   FromElf.exe V5.06 update 6 (build 750)
CPU DLL:         SARMCM3.DLL V5.28.0.0
Dialog DLL:      DCM.DLL V1.17.3.0
Target DLL:      STLink\ST-LINKIII-KEIL_SWO.dll V3.0.6.0
Dialog DLL:      TCM.DLL V1.36.2.0
 
<h2>Project:</h2>
D:\studia-automatyka\MSSiP\PWM_zaj\MDK-ARM\PWM_zaj.uvprojx
Project File Date:  01/13/2020

<h2>Output:</h2>
*** Using Compiler 'V5.06 update 6 (build 750)', folder: 'C:\Keil_v5\ARM\ARMCC\Bin'
Build target 'PWM_zaj'
assembling startup_stm32f107xc.s...
compiling gpio.c...
compiling adc.c...
compiling main.c...
..\display_lib\display.h(9): warning:  #1295-D: Deprecated declaration bit_mask - give arg types
  int bit_mask();
..\display_lib\display.h(10): warning:  #1295-D: Deprecated declaration Digit - give arg types
  void Digit();
../Src/main.c: 2 warnings, 0 errors
compiling sys.c...
compiling stm32f1xx_it.c...
compiling tim.c...
compiling stm32f1xx_hal_msp.c...
compiling stm32f1xx_hal_gpio_ex.c...
compiling display.c...
..\display_lib\display.h(9): warning:  #1295-D: Deprecated declaration bit_mask - give arg types
  int bit_mask();
..\display_lib\display.h(10): warning:  #1295-D: Deprecated declaration Digit - give arg types
  void Digit();
..\display_lib\display.c(4): warning:  #1294-D: Old-style function bit_mask
  int bit_mask(number)
..\display_lib\display.c(4): warning:  #1079-D: standard requires that parameter "number"  be given a type by a subsequent declaration ("int" assumed)
  int bit_mask(number)
..\display_lib\display.c(49): warning:  #940-D: missing return statement at end of non-void function "bit_mask" 
  }
..\display_lib\display.c: 5 warnings, 0 errors
compiling stm32f1xx_hal_adc.c...
compiling stm32f1xx_hal.c...
compiling stm32f1xx_hal_adc_ex.c...
compiling stm32f1xx_hal_gpio.c...
compiling stm32f1xx_hal_rcc.c...
compiling stm32f1xx_hal_rcc_ex.c...
compiling stm32f1xx_hal_cortex.c...
compiling stm32f1xx_hal_pwr.c...
compiling stm32f1xx_hal_dma.c...
compiling stm32f1xx_hal_flash.c...
compiling stm32f1xx_hal_flash_ex.c...
compiling stm32f1xx_hal_exti.c...
compiling system_stm32f1xx.c...
compiling stm32f1xx_hal_tim_ex.c...
compiling stm32f1xx_hal_tim.c...
linking...
Program Size: Code=7860 RO-data=384 RW-data=32 ZI-data=1280  
FromELF: creating hex file...
"PWM_zaj\PWM_zaj.axf" - 0 Error(s), 7 Warning(s).

<h2>Software Packages used:</h2>

Package Vendor: ARM
                http://www.keil.com/pack/ARM.CMSIS.5.5.1.pack
                ARM.CMSIS.5.5.1
                CMSIS (Cortex Microcontroller Software Interface Standard)
   * Component: CORE Version: 5.2.0

Package Vendor: Keil
                http://www.keil.com/pack/Keil.STM32F1xx_DFP.2.3.0.pack
                Keil.STM32F1xx_DFP.2.3.0
                STMicroelectronics STM32F1 Series Device Support, Drivers and Examples

<h2>Collection of Component include folders:</h2>
  .\RTE\_PWM_zaj
  C:\Users\Grycek\AppData\Local\Arm\Packs\ARM\CMSIS\5.5.1\CMSIS\Core\Include
  C:\Users\Grycek\AppData\Local\Arm\Packs\Keil\STM32F1xx_DFP\2.3.0\Device\Include

<h2>Collection of Component Files used:</h2>

   * Component: ARM::CMSIS:CORE:5.2.0
Build Time Elapsed:  00:00:55
</pre>
</body>
</html>
